////////////////////////////////////////////////////////////
Starting conversion at 05/05/2026 18:17:19,835
////////////////////////////////////////////////////////////

------------------------------------------------------------
Converting Recnum table: 253, CodeType, Code Maintenance Type Table
Progress:Start time: 05/05/2026 18:17:19,847
Start time: 05/05/2026 18:17:19,847
Structure_Start
Structure_Copy
Set_Attribute DF_FILE_RECNUM_TABLE to 0
Replacing recnum with primary index:1
Set_Attribute DF_FILE_PRIMARY_INDEX to 1
Set_Attribute DF_INDEX_SQL_PRIMARY_KEY to 1
AssignMinimalLength
RealignOverlaps
Structure_End
Progress:Creating new table.
Creating new table.
Progress:ERROR 12289: Error general 42S01 (1050)--[MySQL][ODBC 9.7(w) Driver][mysqld-8.0.44]Table 'codetype' already exists  Table = CodeType (0), Source = ODBC_DRV.Structure_End.CreateTable
ERROR 12289: Error general 42S01 (1050)--[MySQL][ODBC 9.7(w) Driver][mysqld-8.0.44]Table 'codetype' already exists  Table = CodeType (0), Source = ODBC_DRV.Structure_End.CreateTable
Progress:End time: 05/05/2026 18:17:19,847
End time: 05/05/2026 18:17:19,847
Progress:Total time to convert table: 0:0:0:0
Total time to convert table: 0:0:0:0

------------------------------------------------------------
Converting Recnum table: 254, CodeMast, Code Maintenance Code Table
Progress:Start time: 05/05/2026 18:17:19,847
Start time: 05/05/2026 18:17:19,847
Structure_Start
Structure_Copy
Set_Attribute DF_FILE_RECNUM_TABLE to 0
Replacing recnum with primary index:1
Set_Attribute DF_FILE_PRIMARY_INDEX to 1
Set_Attribute DF_INDEX_SQL_PRIMARY_KEY to 1
AssignMinimalLength
RealignOverlaps
Structure_End
Progress:Creating new table.
Creating new table.
Progress:ERROR 12289: Error general 42S01 (1050)--[MySQL][ODBC 9.7(w) Driver][mysqld-8.0.44]Table 'codemast' already exists  Table = CodeMast (0), Source = ODBC_DRV.Structure_End.CreateTable
ERROR 12289: Error general 42S01 (1050)--[MySQL][ODBC 9.7(w) Driver][mysqld-8.0.44]Table 'codemast' already exists  Table = CodeMast (0), Source = ODBC_DRV.Structure_End.CreateTable
Progress:End time: 05/05/2026 18:17:19,847
End time: 05/05/2026 18:17:19,847
Progress:Total time to convert table: 0:0:0:0
Total time to convert table: 0:0:0:0

------------------------------------------------------------
Converting Recnum table: 263, WebAppSession, WebApp Session
Progress:Start time: 05/05/2026 18:17:19,847
Start time: 05/05/2026 18:17:19,847
Structure_Start
Structure_Copy
Set_Attribute DF_FILE_RECNUM_TABLE to 0
Replacing recnum with primary index:1
Set_Attribute DF_FILE_PRIMARY_INDEX to 1
Set_Attribute DF_INDEX_SQL_PRIMARY_KEY to 1
AssignMinimalLength
RealignOverlaps
Structure_End
Progress:Creating new table.
Creating new table.
Progress:ERROR 12289: Error general 42S01 (1050)--[MySQL][ODBC 9.7(w) Driver][mysqld-8.0.44]Table 'webappsession' already exists  Table = WebAppSession (0), Source = ODBC_DRV.Structure_End.CreateTable
ERROR 12289: Error general 42S01 (1050)--[MySQL][ODBC 9.7(w) Driver][mysqld-8.0.44]Table 'webappsession' already exists  Table = WebAppSession (0), Source = ODBC_DRV.Structure_End.CreateTable
Progress:End time: 05/05/2026 18:17:19,862
End time: 05/05/2026 18:17:19,862
Progress:Total time to convert table: 0:0:0:0,015
Total time to convert table: 0:0:0:0,015

------------------------------------------------------------
Converting Recnum table: 264, WebAppUser, WebApp User
Progress:Start time: 05/05/2026 18:17:19,862
Start time: 05/05/2026 18:17:19,862
Structure_Start
Structure_Copy
Set_Attribute DF_FILE_RECNUM_TABLE to 0
Replacing recnum with primary index:1
Set_Attribute DF_FILE_PRIMARY_INDEX to 1
Set_Attribute DF_INDEX_SQL_PRIMARY_KEY to 1
AssignMinimalLength
RealignOverlaps
Structure_End
Progress:Creating new table.
Creating new table.
Progress:ERROR 12289: Error general 42S01 (1050)--[MySQL][ODBC 9.7(w) Driver][mysqld-8.0.44]Table 'webappuser' already exists  Table = WebAppUser (0), Source = ODBC_DRV.Structure_End.CreateTable
ERROR 12289: Error general 42S01 (1050)--[MySQL][ODBC 9.7(w) Driver][mysqld-8.0.44]Table 'webappuser' already exists  Table = WebAppUser (0), Source = ODBC_DRV.Structure_End.CreateTable
Progress:End time: 05/05/2026 18:17:19,87
End time: 05/05/2026 18:17:19,87
Progress:Total time to convert table: 0:0:0:0,008
Total time to convert table: 0:0:0:0,008

------------------------------------------------------------
Converting Recnum table: 265, WebAppServerProps, WebApp Server Props
Progress:Start time: 05/05/2026 18:17:19,872
Start time: 05/05/2026 18:17:19,872
Structure_Start
Structure_Copy
Set_Attribute DF_FILE_RECNUM_TABLE to 0
Replacing recnum with primary index:1
Set_Attribute DF_FILE_PRIMARY_INDEX to 1
Set_Attribute DF_INDEX_SQL_PRIMARY_KEY to 1
AssignMinimalLength
RealignOverlaps
Structure_End
Progress:Creating new table.
Creating new table.
Progress:ERROR 12289: Error general 42S01 (1050)--[MySQL][ODBC 9.7(w) Driver][mysqld-8.0.44]Table 'webappserverprops' already exists  Table = WebAppServerProps (0), Source = ODBC_DRV.Structure_End.CreateTable
ERROR 12289: Error general 42S01 (1050)--[MySQL][ODBC 9.7(w) Driver][mysqld-8.0.44]Table 'webappserverprops' already exists  Table = WebAppServerProps (0), Source = ODBC_DRV.Structure_End.CreateTable
Progress:End time: 05/05/2026 18:17:19,874
End time: 05/05/2026 18:17:19,874
Progress:Total time to convert table: 0:0:0:0,002
Total time to convert table: 0:0:0:0,002

------------------------------------------------------------
Converting Recnum table: 270, DFLastID, DFLastID
Progress:Start time: 05/05/2026 18:17:19,877
Start time: 05/05/2026 18:17:19,877
Structure_Start
Structure_Copy
Set_Attribute DF_FILE_PRIMARY_INDEX to 0
AssignMinimalLength
RealignOverlaps
Structure_End
Progress:Creating new table.
Creating new table.
Progress:ERROR 12289: Error general HY000 (4028)--[MySQL][ODBC 9.7(w) Driver][mysqld-8.0.44]A table must have at least one visible column.  Table = DFLastID (0), Source = ODBC_DRV.Structure_End.CreateTable
ERROR 12289: Error general HY000 (4028)--[MySQL][ODBC 9.7(w) Driver][mysqld-8.0.44]A table must have at least one visible column.  Table = DFLastID (0), Source = ODBC_DRV.Structure_End.CreateTable
Progress:End time: 05/05/2026 18:17:19,878
End time: 05/05/2026 18:17:19,878
Progress:Total time to convert table: 0:0:0:0,001
Total time to convert table: 0:0:0:0,001

############################################################
List of tables that experienced errors while converting:
   CodeType - Unable to create.
   CodeMast - Unable to create.
   WebAppSes- Unable to create.
   WebAppUse- Unable to create.
   WebAppSer- Unable to create.
   DFLastID - Unable to create.
////////////////////////////////////////////////////////////
Finished conversion at 05/05/2026 18:17:19,878
Total conversion time: 0:0:0:0,043
////////////////////////////////////////////////////////////
////////////////////////////////////////////////////////////
Starting conversion at 05/05/2026 18:18:32,07
////////////////////////////////////////////////////////////

------------------------------------------------------------
Converting Recnum table: 253, CodeType, Code Maintenance Type Table
Progress:Start time: 05/05/2026 18:18:32,07
Start time: 05/05/2026 18:18:32,07
Structure_Start
Structure_Copy
Set_Attribute DF_FILE_RECNUM_TABLE to 0
Replacing recnum with primary index:1
Set_Attribute DF_FILE_PRIMARY_INDEX to 1
Set_Attribute DF_INDEX_SQL_PRIMARY_KEY to 1
AssignMinimalLength
RealignOverlaps
Structure_End
Progress:Creating new table.
Creating new table.
Progress:Creating primary key PRIMARY.
Creating primary key PRIMARY.
Progress:Creating intermediate file.
Creating intermediate file.
CLI_DROPINDICES
Progress:Temporary delete of all indices of table codetype.
Temporary delete of all indices of table codetype.
Progress:Dropping primary key PRIMARY.
Dropping primary key PRIMARY.
Progress:Copying record
Progress:All 0 records copied.
All 0 records copied.
CLI_CREATEINDICES
Progress:Re-creating temporary deleted indices of table codetype.
Re-creating temporary deleted indices of table codetype.
Progress:Creating primary key PRIMARY.
Creating primary key PRIMARY.
Close hSQLTable
Close ahTables[iCount]
Adjust filelist slot
Output_def_file
Progress:End time: 05/05/2026 18:18:32,274
End time: 05/05/2026 18:18:32,274
Progress:Total time to convert table: 0:0:0:0,204
Total time to convert table: 0:0:0:0,204

------------------------------------------------------------
Converting Recnum table: 254, CodeMast, Code Maintenance Code Table
Progress:Start time: 05/05/2026 18:18:32,274
Start time: 05/05/2026 18:18:32,274
Structure_Start
Structure_Copy
Set_Attribute DF_FILE_RECNUM_TABLE to 0
Replacing recnum with primary index:1
Set_Attribute DF_FILE_PRIMARY_INDEX to 1
Set_Attribute DF_INDEX_SQL_PRIMARY_KEY to 1
AssignMinimalLength
RealignOverlaps
Structure_End
Progress:Creating new table.
Creating new table.
Progress:Creating primary key PRIMARY.
Creating primary key PRIMARY.
Progress:Creating intermediate file.
Creating intermediate file.
CLI_DROPINDICES
Progress:Temporary delete of all indices of table codemast.
Temporary delete of all indices of table codemast.
Progress:Dropping primary key PRIMARY.
Dropping primary key PRIMARY.
Progress:Copying record
Progress:All 0 records copied.
All 0 records copied.
CLI_CREATEINDICES
Progress:Re-creating temporary deleted indices of table codemast.
Re-creating temporary deleted indices of table codemast.
Progress:Creating primary key PRIMARY.
Creating primary key PRIMARY.
Close hSQLTable
Close ahTables[iCount]
Adjust filelist slot
Output_def_file
Progress:End time: 05/05/2026 18:18:32,523
End time: 05/05/2026 18:18:32,523
Progress:Total time to convert table: 0:0:0:0,249
Total time to convert table: 0:0:0:0,249

------------------------------------------------------------
Converting Recnum table: 263, WebAppSession, WebApp Session
Progress:Start time: 05/05/2026 18:18:32,523
Start time: 05/05/2026 18:18:32,523
Structure_Start
Structure_Copy
Set_Attribute DF_FILE_RECNUM_TABLE to 0
Replacing recnum with primary index:1
Set_Attribute DF_FILE_PRIMARY_INDEX to 1
Set_Attribute DF_INDEX_SQL_PRIMARY_KEY to 1
AssignMinimalLength
RealignOverlaps
Structure_End
Progress:Creating new table.
Creating new table.
Progress:Creating primary key PRIMARY.
Creating primary key PRIMARY.
Progress:Creating index WebAppSession002.
Creating index WebAppSession002.
Progress:Creating index WebAppSession003.
Creating index WebAppSession003.
Progress:Creating intermediate file.
Creating intermediate file.
CLI_DROPINDICES
Progress:Temporary delete of all indices of table webappsession.
Temporary delete of all indices of table webappsession.
Progress:Dropping primary key PRIMARY.
Dropping primary key PRIMARY.
Progress:Dropping index WebAppSession002.
Dropping index WebAppSession002.
Progress:Dropping index WebAppSession003.
Dropping index WebAppSession003.
Progress:Copying record
Progress:All 0 records copied.
All 0 records copied.
CLI_CREATEINDICES
Progress:Re-creating temporary deleted indices of table webappsession.
Re-creating temporary deleted indices of table webappsession.
Progress:Creating primary key PRIMARY.
Creating primary key PRIMARY.
Progress:Creating index WebAppSession002.
Creating index WebAppSession002.
Progress:Creating index WebAppSession003.
Creating index WebAppSession003.
Close hSQLTable
Close ahTables[iCount]
Adjust filelist slot
Output_def_file
Progress:End time: 05/05/2026 18:18:33,093
End time: 05/05/2026 18:18:33,093
Progress:Total time to convert table: 0:0:0:0,57
Total time to convert table: 0:0:0:0,57

------------------------------------------------------------
Converting Recnum table: 264, WebAppUser, WebApp User
Progress:Start time: 05/05/2026 18:18:33,097
Start time: 05/05/2026 18:18:33,097
Structure_Start
Structure_Copy
Set_Attribute DF_FILE_RECNUM_TABLE to 0
Replacing recnum with primary index:1
Set_Attribute DF_FILE_PRIMARY_INDEX to 1
Set_Attribute DF_INDEX_SQL_PRIMARY_KEY to 1
AssignMinimalLength
RealignOverlaps
Structure_End
Progress:Creating new table.
Creating new table.
Progress:Creating primary key PRIMARY.
Creating primary key PRIMARY.
Progress:Creating intermediate file.
Creating intermediate file.
CLI_DROPINDICES
Progress:Temporary delete of all indices of table webappuser.
Temporary delete of all indices of table webappuser.
Progress:Dropping primary key PRIMARY.
Dropping primary key PRIMARY.
Progress:Copying record
Progress:All 1 records copied.
All 1 records copied.
CLI_CREATEINDICES
Progress:Re-creating temporary deleted indices of table webappuser.
Re-creating temporary deleted indices of table webappuser.
Progress:Creating primary key PRIMARY.
Creating primary key PRIMARY.
Close hSQLTable
Close ahTables[iCount]
Adjust filelist slot
Output_def_file
Progress:End time: 05/05/2026 18:18:33,356
End time: 05/05/2026 18:18:33,356
Progress:Total time to convert table: 0:0:0:0,259
Total time to convert table: 0:0:0:0,259

------------------------------------------------------------
Converting Recnum table: 265, WebAppServerProps, WebApp Server Props
Progress:Start time: 05/05/2026 18:18:33,356
Start time: 05/05/2026 18:18:33,356
Structure_Start
Structure_Copy
Set_Attribute DF_FILE_RECNUM_TABLE to 0
Replacing recnum with primary index:1
Set_Attribute DF_FILE_PRIMARY_INDEX to 1
Set_Attribute DF_INDEX_SQL_PRIMARY_KEY to 1
AssignMinimalLength
RealignOverlaps
Structure_End
Progress:Creating new table.
Creating new table.
Progress:Creating primary key PRIMARY.
Creating primary key PRIMARY.
Progress:Creating index WebAppServerProps002.
Creating index WebAppServerProps002.
Progress:Creating intermediate file.
Creating intermediate file.
CLI_DROPINDICES
Progress:Temporary delete of all indices of table webappserverprops.
Temporary delete of all indices of table webappserverprops.
Progress:Dropping primary key PRIMARY.
Dropping primary key PRIMARY.
Progress:Dropping index WebAppServerProps002.
Dropping index WebAppServerProps002.
Progress:Copying record
Progress:All 0 records copied.
All 0 records copied.
CLI_CREATEINDICES
Progress:Re-creating temporary deleted indices of table webappserverprops.
Re-creating temporary deleted indices of table webappserverprops.
Progress:Creating primary key PRIMARY.
Creating primary key PRIMARY.
Progress:Creating index WebAppServerProps002.
Creating index WebAppServerProps002.
Close hSQLTable
Close ahTables[iCount]
Adjust filelist slot
Output_def_file
Progress:End time: 05/05/2026 18:18:33,743
End time: 05/05/2026 18:18:33,743
Progress:Total time to convert table: 0:0:0:0,387
Total time to convert table: 0:0:0:0,387

------------------------------------------------------------
Converting Recnum table: 270, DFLastID, DFLastID
Progress:Start time: 05/05/2026 18:18:33,743
Start time: 05/05/2026 18:18:33,743
Structure_Start
Structure_Copy
Set_Attribute DF_FILE_PRIMARY_INDEX to 0
AssignMinimalLength
RealignOverlaps
Structure_End
Progress:Creating new table.
Creating new table.
Progress:ERROR 12289: Error general HY000 (4028)--[MySQL][ODBC 9.7(w) Driver][mysqld-8.0.44]A table must have at least one visible column.  Table = DFLastID (0), Source = ODBC_DRV.Structure_End.CreateTable
ERROR 12289: Error general HY000 (4028)--[MySQL][ODBC 9.7(w) Driver][mysqld-8.0.44]A table must have at least one visible column.  Table = DFLastID (0), Source = ODBC_DRV.Structure_End.CreateTable
Progress:End time: 05/05/2026 18:18:33,749
End time: 05/05/2026 18:18:33,749
Progress:Total time to convert table: 0:0:0:0,006
Total time to convert table: 0:0:0:0,006

############################################################
List of tables that experienced errors while converting:
   DFLastID - Unable to create.
////////////////////////////////////////////////////////////
Finished conversion at 05/05/2026 18:18:33,751
Total conversion time: 0:0:0:1,681
////////////////////////////////////////////////////////////
